#
# There is insufficient memory for the Java Runtime Environment to continue.
# Native memory allocation (mmap) failed to map 1048576 bytes. Error detail: G1 virtual space
# Possible reasons:
#   The system is out of physical RAM or swap space
#   This process is running with CompressedOops enabled, and the Java Heap may be blocking the growth of the native heap
# Possible solutions:
#   Reduce memory load on the system
#   Increase physical memory or swap space
#   Check if swap backing store is full
#   Decrease Java heap size (-Xmx/-Xms)
#   Decrease number of Java threads
#   Decrease Java thread stack sizes (-Xss)
#   Set larger code cache with -XX:ReservedCodeCacheSize=
#   JVM is running with Unscaled Compressed Oops mode in which the Java heap is
#     placed in the first 4GB address space. The Java Heap base address is the
#     maximum limit for the native heap growth. Please use -XX:HeapBaseMinAddress
#     to set the Java Heap base and to place the Java Heap above 4GB virtual address.
# This output file may be truncated or incomplete.
#
#  Out of Memory Error (os_windows.cpp:3583), pid=10756, tid=15652
#
# JRE version:  (26.0+35) (build )
# Java VM: Java HotSpot(TM) 64-Bit Server VM (26+35-2893, mixed mode, sharing, tiered, compressed oops, compressed class ptrs, g1 gc, windows-amd64)
# No core dump will be written. Minidumps are not enabled by default on client versions of Windows
#

---------------  S U M M A R Y ------------

Command Line: --enable-native-access=ALL-UNNAMED 

Host: Intel(R) Celeron(R) N4000 CPU @ 1.10GHz, 2 cores, 3G,  Windows 11 , 64 bit Build 26100 (10.0.26100.8328)
Time: Mon May 25 19:44:29 2026 South Africa Standard Time elapsed time: 40.710434 seconds (0d 0h 0m 40s)

---------------  T H R E A D  ---------------

Current thread (0x000002171acac4c0):  JavaThread "Unknown thread" [_thread_in_vm, id=15652, stack(0x0000007d48a00000,0x0000007d48b00000) (1024K)]

Stack: [0x0000007d48a00000,0x0000007d48b00000]
Native frames: (J=compiled Java code, j=interpreted, Vv=VM code, C=native code)
V  [jvm.dll+0x7d5719]  (no source info available)
V  [jvm.dll+0x7a367d]  (no source info available)
V  [jvm.dll+0x9b0aa0]  (no source info available)
V  [jvm.dll+0x9b2ef1]  (no source info available)
V  [jvm.dll+0x9b3603]  (no source info available)
V  [jvm.dll+0x30de86]  (no source info available)
V  [jvm.dll+0x7d4be5]  (no source info available)
V  [jvm.dll+0x7c7da7]  (no source info available)
V  [jvm.dll+0x4086f8]  (no source info available)
V  [jvm.dll+0x410a66]  (no source info available)
V  [jvm.dll+0x3fcad8]  (no source info available)
V  [jvm.dll+0x3fd1e1]  (no source info available)
V  [jvm.dll+0x3fc5e4]  (no source info available)
V  [jvm.dll+0x3d1dd9]  (no source info available)
V  [jvm.dll+0x102d33]  (no source info available)
V  [jvm.dll+0x102c79]  (no source info available)
V  [jvm.dll+0x3b49c0]  (no source info available)
V  [jvm.dll+0x10b5ab]  (no source info available)
V  [jvm.dll+0x10a3a8]  (no source info available)
V  [jvm.dll+0x7751bb]  (no source info available)
V  [jvm.dll+0x975c8e]  (no source info available)
V  [jvm.dll+0x46dc22]  (no source info available)
V  [jvm.dll+0x958cff]  (no source info available)
V  [jvm.dll+0x5110a1]  (no source info available)
V  [jvm.dll+0x512b61]  (no source info available)
C  [jli.dll+0x549a]  (no source info available)
C  [ucrtbase.dll+0x37b0]  (no source info available)
C  [KERNEL32.DLL+0x2e957]  (no source info available)
C  [ntdll.dll+0x427c]  (no source info available)

Lock stack of current Java thread (top to bottom):


---------------  P R O C E S S  ---------------

Threads class SMR info:
_java_thread_list=0x00007ffd44676298, length=0, elements={
}

Java Threads: ( => current thread )
Total: 0

Other Threads:
  0x000002171d0699d0 WorkerThread "GC Thread#0"                     [id=14196, stack(0x0000007d48b00000,0x0000007d48c00000) (1024K)]
  0x000002171d076250 ConcurrentGCThread "G1 Main Marker"            [id=11616, stack(0x0000007d48c00000,0x0000007d48d00000) (1024K)]
  0x000002171d076dd0 WorkerThread "G1 Conc#0"                       [id=10328, stack(0x0000007d48d00000,0x0000007d48e00000) (1024K)]
  0x000002171d08bbc0 WorkerThread "G1 Refinement Workers#0"         [id=14200, stack(0x0000007d48f00000,0x0000007d49000000) (1024K)]
  0x000002171d08b200 ConcurrentGCThread "G1 Refine Control"         [id=13856, stack(0x0000007d48e00000,0x0000007d48f00000) (1024K)]
  0x000002171d08d380 ConcurrentGCThread "G1 Service"                [id=13848, stack(0x0000007d49000000,0x0000007d49100000) (1024K)]

=>0x000002171acac4c0 (exited) JavaThread "Unknown thread"    [_thread_in_vm, id=15652, stack(0x0000007d48a00000,0x0000007d48b00000) (1024K)]
Total: 7

Threads with active compile tasks:
Total: 0

VM state: not at safepoint (not fully initialized)

VM Mutex/Monitor currently owned by a thread:  ([mutex/lock_event])
[0x00007ffd446fef88] Heap_lock - owner thread: 0x000002171acac4c0

Heap address: 0x00000000c2c00000, size: 980 MB, Compressed Oops mode: 32-bit

CDS archive(s) mapped at: [0x0000000000000000-0x0000000000000000-0x0000000000000000), size 0, SharedBaseAddress: 0x0000000022000000, ArchiveRelocationMode: 1.
Compressed class space mapped at: 0x0000000023000000-0x0000000063000000, reserved size: 1073741824
UseCompressedClassPointers 1, UseCompactObjectHeaders 0
Narrow klass pointer bits 32, Max shift 3
Narrow klass base: 0x0000000022000000, Narrow klass shift: 0
Encoding Range: [0x0000000022000000 - 0x0000000122000000), (4294967296 bytes)
Klass Range:    [0x0000000022000000 - 0x0000000063000000), (1090519040 bytes)
Klass ID Range:  [8 - 1090519033) (1090519025)
Protection zone: [0x0000000022000000 - 0x0000000022010000), (65536 bytes)

GC Precious Log:
 CardTable entry size: 512
 Card Set container configuration: InlinePtr #cards 5 size 8 Array Of Cards #cards 10 size 36 Howl #buckets 4 coarsen threshold 1843 Howl Bitmap #cards 512 size 80 coarsen threshold 460 Card regions per heap region 1 cards per card region 2048
 CPUs: 2 total, 2 available
 Memory: 3918M
 Large Page Support: Disabled
 NUMA Support: Disabled
 Compressed Oops: Enabled (32-bit)
 Heap Region Size: 1M
 Heap Min Capacity: 8M
 Heap Initial Capacity: 8M
 Heap Max Capacity: 980M
 Pre-touch: Disabled
 Parallel Workers: 2
 Concurrent Workers: 1
 Concurrent Refinement Workers: 2
 Periodic GC: Disabled

Heap:
 garbage-first heap   total reserved 1003520K, committed 8192K, used 0K [0x00000000c2c00000, 0x0000000100000000)
  region size 1M, 0 eden (0M), 0 survivor (0M), 0 old (0M), 0 humongous (0M), 8 free (8M)

Heap Regions: E=young(eden), S=young(survivor), O=old, HS=humongous(starts), HC=humongous(continues), CS=collection set, F=free, TAMS=top-at-mark-start, PB=parsable bottom
|    0|0x00000000c2c00000, 0x00000000c2c00000, 0x00000000c2d00000|  0%| F|  |TAMS 0x00000000c2c00000| PB 0x00000000c2c00000| Untracked |  0
|    1|0x00000000c2d00000, 0x00000000c2d00000, 0x00000000c2e00000|  0%| F|  |TAMS 0x00000000c2d00000| PB 0x00000000c2d00000| Untracked |  0
|    2|0x00000000c2e00000, 0x00000000c2e00000, 0x00000000c2f00000|  0%| F|  |TAMS 0x00000000c2e00000| PB 0x00000000c2e00000| Untracked |  0
|    3|0x00000000c2f00000, 0x00000000c2f00000, 0x00000000c3000000|  0%| F|  |TAMS 0x00000000c2f00000| PB 0x00000000c2f00000| Untracked |  0
|    4|0x00000000c3000000, 0x00000000c3000000, 0x00000000c3100000|  0%| F|  |TAMS 0x00000000c3000000| PB 0x00000000c3000000| Untracked |  0
|    5|0x00000000c3100000, 0x00000000c3100000, 0x00000000c3200000|  0%| F|  |TAMS 0x00000000c3100000| PB 0x00000000c3100000| Untracked |  0
|    6|0x00000000c3200000, 0x00000000c3200000, 0x00000000c3300000|  0%| F|  |TAMS 0x00000000c3200000| PB 0x00000000c3200000| Untracked |  0
|    7|0x00000000c3300000, 0x00000000c3300000, 0x00000000c3400000|  0%| F|  |TAMS 0x00000000c3300000| PB 0x00000000c3300000| Untracked |  0

Card table byte_map: [0x000002171cdf0000,0x000002171cfe0000] _byte_map_base: 0x000002171c7da000
Refinement table byte_map: [0x0000021734ce0000,0x0000021734ed0000] _byte_map_base: 0x00000217346ca000

Marking Bits: (CMBitMap*) 0x000002171d06a150
 Bits: [0x0000021734ed0000, 0x0000021735e20000)

GC Heap Usage History (0 events):
No events

Metaspace Usage History (0 events):
No events

Dll operation events (2 events):
Event: 25.479 Attempting to load shared library C:\Program Files\Java\jdk-26\bin\java.dll
Event: 26.893 Loaded shared library C:\Program Files\Java\jdk-26\bin\java.dll

Deoptimization events (0 events):
No events

Classes loaded (0 events):
No events

Classes unloaded (0 events):
No events

Classes redefined (0 events):
No events

Internal exceptions (0 events):
No events

VM Operations (0 events):
No events

Memory protections (0 events):
No events

Nmethod flushes (0 events):
No events

Events (0 events):
No events


Dynamic libraries:
0x00007ff780c40000 - 0x00007ff780c50000 	C:\Program Files\Java\jdk-26\bin\java.exe
0x00007ffdb4240000 - 0x00007ffdb44a7000 	C:\WINDOWS\SYSTEM32\ntdll.dll
0x00007ffdb34b0000 - 0x00007ffdb3579000 	C:\WINDOWS\System32\KERNEL32.DLL
0x00007ffdb1000000 - 0x00007ffdb13f7000 	C:\WINDOWS\System32\KERNELBASE.dll
0x00007ffdb0ca0000 - 0x00007ffdb0deb000 	C:\WINDOWS\System32\ucrtbase.dll
0x00007ffd87440000 - 0x00007ffd87457000 	C:\Program Files\Java\jdk-26\bin\jli.dll
0x00007ffdb29e0000 - 0x00007ffdb2ba6000 	C:\WINDOWS\System32\USER32.dll
0x00007ffdb0c70000 - 0x00007ffdb0c97000 	C:\WINDOWS\System32\win32u.dll
0x00007ffdb2260000 - 0x00007ffdb228b000 	C:\WINDOWS\System32\GDI32.dll
0x00007ffdb1dd0000 - 0x00007ffdb1efc000 	C:\WINDOWS\System32\gdi32full.dll
0x00007ffdb1c70000 - 0x00007ffdb1d13000 	C:\WINDOWS\System32\msvcp_win.dll
0x00007ffd8c6e0000 - 0x00007ffd8c6fe000 	C:\Program Files\Java\jdk-26\bin\VCRUNTIME140.dll
0x00007ffd9e110000 - 0x00007ffd9e3a2000 	C:\WINDOWS\WinSxS\amd64_microsoft.windows.common-controls_6595b64144ccf1df_6.0.26100.8457_none_3e0b2faee331e92d\COMCTL32.dll
0x00007ffdb4150000 - 0x00007ffdb41f9000 	C:\WINDOWS\System32\msvcrt.dll
0x00007ffdb1fd0000 - 0x00007ffdb2002000 	C:\WINDOWS\System32\IMM32.DLL
0x00007ffd94660000 - 0x00007ffd9466c000 	C:\Program Files\Java\jdk-26\bin\vcruntime140_1.dll
0x00007ffd83120000 - 0x00007ffd831ad000 	C:\Program Files\Java\jdk-26\bin\msvcp140.dll
0x00007ffd43920000 - 0x00007ffd447ee000 	C:\Program Files\Java\jdk-26\bin\server\jvm.dll
0x00007ffdb25a0000 - 0x00007ffdb2656000 	C:\WINDOWS\System32\ADVAPI32.dll
0x00007ffdb40a0000 - 0x00007ffdb4147000 	C:\WINDOWS\System32\sechost.dll
0x00007ffdb2010000 - 0x00007ffdb2128000 	C:\WINDOWS\System32\RPCRT4.dll
0x00007ffdb2290000 - 0x00007ffdb2310000 	C:\WINDOWS\System32\WS2_32.dll
0x00007ffdb0ad0000 - 0x00007ffdb0b2e000 	C:\WINDOWS\SYSTEM32\POWRPROF.dll
0x00007ffd91f20000 - 0x00007ffd91f56000 	C:\WINDOWS\SYSTEM32\WINMM.dll
0x00007ffda9c60000 - 0x00007ffda9c6b000 	C:\WINDOWS\SYSTEM32\VERSION.dll
0x00007ffdb0ab0000 - 0x00007ffdb0ac4000 	C:\WINDOWS\SYSTEM32\UMPDC.dll
0x00007ffdaf960000 - 0x00007ffdaf97b000 	C:\WINDOWS\SYSTEM32\kernel.appcore.dll
0x00007ffd92f80000 - 0x00007ffd92f8a000 	C:\Program Files\Java\jdk-26\bin\jimage.dll
0x00007ffdaec50000 - 0x00007ffdaee92000 	C:\WINDOWS\SYSTEM32\DBGHELP.DLL
0x00007ffdb3580000 - 0x00007ffdb3903000 	C:\WINDOWS\System32\combase.dll
0x00007ffdb23e0000 - 0x00007ffdb24b9000 	C:\WINDOWS\System32\OLEAUT32.dll
0x00007ffda1810000 - 0x00007ffda184b000 	C:\WINDOWS\SYSTEM32\dbgcore.DLL
0x00007ffdb1d20000 - 0x00007ffdb1dc8000 	C:\WINDOWS\System32\bcryptPrimitives.dll
0x00007ffd88070000 - 0x00007ffd8808f000 	C:\Program Files\Java\jdk-26\bin\java.dll
0x00007ffdb2660000 - 0x00007ffdb27f7000 	C:\WINDOWS\System32\ole32.dll
0x00007ffdb3920000 - 0x00007ffdb408e000 	C:\WINDOWS\System32\SHELL32.dll

JVMTI agents: none

dbghelp: loaded successfully - version: 4.0.5 - missing functions: none
symbol engine: initialized successfully - sym options: 0x614 - pdb path: .;C:\Program Files\Java\jdk-26\bin;C:\WINDOWS\SYSTEM32;C:\WINDOWS\WinSxS\amd64_microsoft.windows.common-controls_6595b64144ccf1df_6.0.26100.8457_none_3e0b2faee331e92d;C:\Program Files\Java\jdk-26\bin\server

VM Arguments:
jvm_args: --enable-native-access=ALL-UNNAMED 
java_command: <unknown>
java_class_path (initial): <not set>
Launcher Type: SUN_STANDARD

[Global flags]
     bool AOTAdapterCaching                        = false                                  {diagnostic} {ergonomic}
     bool AOTInvokeDynamicLinking                  = false                                  {diagnostic} {ergonomic}
     bool AOTRecordTraining                        = false                                  {diagnostic} {ergonomic}
     bool AOTReplayTraining                        = false                                  {diagnostic} {ergonomic}
     bool AOTStubCaching                           = false                                  {diagnostic} {ergonomic}
     intx CICompilerCount                          = 2                                         {product} {ergonomic}
     uint ConcGCThreads                            = 1                                         {product} {ergonomic}
     uint G1ConcRefinementThreads                  = 2                                         {product} {ergonomic}
     uint G1EagerReclaimRemSetThreshold            = 10                                   {experimental} {ergonomic}
   size_t G1HeapRegionSize                         = 1048576                                   {product} {ergonomic}
     uint G1RemSetArrayOfCardsEntries              = 10                                   {experimental} {ergonomic}
     uint G1RemSetHowlMaxNumBuckets                = 8                                    {experimental} {ergonomic}
     uint G1RemSetHowlNumBuckets                   = 4                                    {experimental} {ergonomic}
   size_t InitialHeapSize                          = 8388608                                   {product} {ergonomic}
     bool IntelJccErratumMitigation                = false                             {ARCH diagnostic} {ergonomic}
   size_t MarkStackSize                            = 4194304                                   {product} {ergonomic}
   size_t MarkStackSizeMax                         = 536870912                                 {product} {ergonomic}
   size_t MaxHeapSize                              = 1027604480                                {product} {ergonomic}
   size_t MaxNewSize                               = 616562688                                 {product} {ergonomic}
 uint64_t MaxRAM                                   = 4108947456                                {product} {ergonomic}
   size_t MinHeapDeltaBytes                        = 1048576                                   {product} {ergonomic}
   size_t MinHeapSize                              = 8388608                                   {product} {ergonomic}
   size_t NonNMethodCodeHeapSize                   = 5767168                                {pd product} {ergonomic}
   size_t NonProfiledCodeHeapSize                  = 123011072                              {pd product} {ergonomic}
   size_t ProfiledCodeHeapSize                     = 122880000                              {pd product} {ergonomic}
   size_t ReservedCodeCacheSize                    = 251658240                              {pd product} {ergonomic}
     bool SegmentedCodeCache                       = true                                      {product} {ergonomic}
   size_t SoftMaxHeapSize                          = 1027604480                             {manageable} {ergonomic}
     bool UseCompressedOops                        = true                           {product lp64_product} {ergonomic}
     bool UseCondCardMark                          = true                                      {product} {ergonomic}
     bool UseFastUnorderedTimeStamps               = true                                 {experimental} {ergonomic}
     bool UseG1GC                                  = true                                      {product} {ergonomic}
     bool UseLargePagesIndividualAllocation        = false                                  {pd product} {ergonomic}
      int X86ICacheSync                            = 2                                 {ARCH diagnostic} {ergonomic}

Logging:
Log output configuration:
 #0: stdout all=warning uptime,level,tags foldmultilines=false
 #1: stderr all=off uptime,level,tags foldmultilines=false

Release file:
<release file has not been read>
Environment Variables:
JAVA_HOME=C:\Program Files\Java\jdk-26
PATH=C:\Program Files\Common Files\Oracle\Java\javapath;C:\WINDOWS\system32;C:\WINDOWS;C:\WINDOWS\System32\Wbem;C:\WINDOWS\System32\WindowsPowerShell\v1.0\;C:\WINDOWS\System32\OpenSSH\;C:\Program Files\Java\jdk-26\bin;C:\Users\missy\AppData\Local\Microsoft\WindowsApps;C:\Users\missy\AppData\Local\Programs\Microsoft VS Code\bin;C:\Users\missy\Downloads\netbeans-29-bin\netbeans\bin\
USERNAME=missy
OS=Windows_NT
PROCESSOR_IDENTIFIER=Intel64 Family 6 Model 122 Stepping 1, GenuineIntel
TMP=C:\Users\missy\AppData\Local\Temp
TEMP=C:\Users\missy\AppData\Local\Temp




Compilation memory statistics disabled.

Periodic native trim disabled

---------------  S Y S T E M  ---------------

OS:
 Windows 11 , 64 bit Build 26100 (10.0.26100.8328)
OS uptime: 0 days 10:49 hours

CPU: total 2 (initial active 2) (2 cores per cpu, 1 threads per core) family 6 model 122 stepping 1 microcode 0x34, cx8, cmov, fxsr, mmx, 3dnowpref, sse, sse2, sse3, ssse3, sse4.1, sse4.2, popcnt, tsc, tscinvbit, aes, erms, clmul, sha, clflush, clflushopt, rdtscp, rdpid
Processor Information for the first 2 processors :
  Max Mhz: 1101, Current Mhz: 1101, Mhz Limit: 1101

Memory: 4k page, system-wide physical 3918M (917M free)
TotalPageFile size 9920M (AvailPageFile size 1802M)
current process WorkingSet (physical memory assigned to process): 23M, peak: 23M
current process commit charge ("private bytes"): 70M, peak: 71M

vm_info: Java HotSpot(TM) 64-Bit Server VM (26+35-2893) for windows-amd64 JRE (26+35-2893), built on 2026-02-12T17:04:02Z with MS VC++ 17.13 (VS2022)

END.
